// Jest Snapshot v1, https://goo.gl/fbAQLP

exports[`matchs snapshot 1`] = `
<div
  className="makeStyles-root-1"
>
  <input
    className="makeStyles-input-2"
    id="user-search"
    onChange={[Function]}
    placeholder="search"
    value="shiv"
  />
</div>
`;
